================================================================
Andalusia Academy Work Management System — Prototype V5 Revision 19.1 Pixel-Matched Executive UI
Open: http://127.0.0.1:8765
SQLite database: C:\Users\eslam.hafny\Downloads\WMS-main\WMS-main\data\andalusia_work_management.db
JSON snapshot:   C:\Users\eslam.hafny\Downloads\WMS-main\WMS-main\data\store.json
Excel mirror:    C:\Users\eslam.hafny\Downloads\WMS-main\WMS-main\data\andalusia_task_data.xlsx
Press Ctrl+C to stop.
================================================================
[08/Sep/2026 12:57:41] "GET / HTTP/1.1" 200 -
[08/Sep/2026 12:59:23] "GET / HTTP/1.1" 200 -
[08/Sep/2026 12:59:23] "GET /emblem.svg HTTP/1.1" 200 -
[08/Sep/2026 12:59:23] "GET /networking.css HTTP/1.1" 200 -
[08/Sep/2026 12:59:23] "GET /logo.svg HTTP/1.1" 200 -
[08/Sep/2026 12:59:23] "GET /networking.js HTTP/1.1" 200 -
[08/Sep/2026 12:59:23] "GET /icons/sprite.svg HTTP/1.1" 200 -
[08/Sep/2026 12:59:24] "GET /icons/sprite.svg HTTP/1.1" 200 -
[08/Sep/2026 12:59:24] "GET /icons/sprite.svg HTTP/1.1" 200 -
[08/Sep/2026 12:59:24] "GET /api/store HTTP/1.1" 200 -
[08/Sep/2026 12:59:24] "GET /icons/sprite.svg HTTP/1.1" 200 -
[08/Sep/2026 12:59:24] "GET /favicon.svg HTTP/1.1" 200 -
[08/Sep/2026 12:59:42] "GET /icons/sprite.svg HTTP/1.1" 200 -
[08/Sep/2026 12:59:43] "POST /api/store HTTP/1.1" 200 -
[08/Sep/2026 13:01:14] "GET /icons/sprite.svg HTTP/1.1" 200 -
[08/Sep/2026 13:01:15] "GET /icons/sprite.svg HTTP/1.1" 200 -
[08/Sep/2026 13:01:15] "POST /api/store HTTP/1.1" 200 -
[08/Sep/2026 13:01:15] "POST /api/store HTTP/1.1" 200 -
[08/Sep/2026 13:01:16] "POST /api/add-sample HTTP/1.1" 200 -
[08/Sep/2026 13:01:16] "GET /icons/sprite.svg HTTP/1.1" 200 -
[08/Sep/2026 13:01:17] "GET /api/import-template HTTP/1.1" 200 -
[08/Sep/2026 13:01:18] "POST /api/add-test HTTP/1.1" 200 -
[08/Sep/2026 13:01:18] "GET /icons/sprite.svg HTTP/1.1" 200 -
[08/Sep/2026 13:01:18] "GET /icons/sprite.svg HTTP/1.1" 200 -
[08/Sep/2026 13:01:19] "POST /api/store HTTP/1.1" 200 -
[08/Sep/2026 13:01:19] "GET /icons/sprite.svg HTTP/1.1" 200 -
[08/Sep/2026 13:01:20] "POST /api/store HTTP/1.1" 200 -
[08/Sep/2026 13:01:26] "GET /icons/sprite.svg HTTP/1.1" 200 -
[08/Sep/2026 13:01:33] "GET /icons/sprite.svg HTTP/1.1" 200 -
[08/Sep/2026 13:01:39] "GET /icons/sprite.svg HTTP/1.1" 200 -
[08/Sep/2026 13:01:46] "GET /icons/sprite.svg HTTP/1.1" 200 -
[08/Sep/2026 13:01:49] "GET /icons/sprite.svg HTTP/1.1" 200 -
[08/Sep/2026 13:01:51] "GET /icons/sprite.svg HTTP/1.1" 200 -
[08/Sep/2026 13:01:56] "GET /icons/sprite.svg HTTP/1.1" 200 -
[08/Sep/2026 13:01:56] "GET /icons/sprite.svg HTTP/1.1" 200 -
[08/Sep/2026 13:02:15] "GET /icons/sprite.svg HTTP/1.1" 200 -
[08/Sep/2026 13:03:09] "GET / HTTP/1.1" 200 -
[08/Sep/2026 13:03:09] "GET /networking.css HTTP/1.1" 200 -
[08/Sep/2026 13:03:09] "GET /networking.js HTTP/1.1" 200 -
[08/Sep/2026 13:03:09] "GET /logo.svg HTTP/1.1" 200 -
[08/Sep/2026 13:03:09] "GET /emblem.svg HTTP/1.1" 200 -
[08/Sep/2026 13:03:09] "GET /icons/sprite.svg HTTP/1.1" 200 -
[08/Sep/2026 13:03:09] "GET /api/store HTTP/1.1" 200 -
[08/Sep/2026 13:03:09] "GET /favicon.svg HTTP/1.1" 200 -
[10/Sep/2026 14:30:49] "GET / HTTP/1.1" 200 -
[10/Sep/2026 14:30:49] "GET /logo.svg HTTP/1.1" 200 -[10/Sep/2026 14:30:49] "GET /emblem.svg HTTP/1.1" 200 -[10/Sep/2026 14:30:49] "GET /networking.css HTTP/1.1" 200 -


[10/Sep/2026 14:30:49] "GET /icons/sprite.svg HTTP/1.1" 200 -
[10/Sep/2026 14:30:49] "GET /networking.js HTTP/1.1" 200 -
[10/Sep/2026 14:30:49] "GET /icons/sprite.svg HTTP/1.1" 200 -
[10/Sep/2026 14:30:49] "GET /api/store HTTP/1.1" 200 -
[10/Sep/2026 14:30:49] "GET /icons/sprite.svg HTTP/1.1" 200 -
[10/Sep/2026 14:30:50] "GET /favicon.svg HTTP/1.1" 200 -
[10/Sep/2026 14:55:50] "GET /icons/sprite.svg HTTP/1.1" 200 -
[10/Sep/2026 14:57:45] "GET /icons/sprite.svg HTTP/1.1" 200 -
[10/Sep/2026 14:57:47] "GET /icons/sprite.svg HTTP/1.1" 200 -
[10/Sep/2026 14:58:01] "GET /icons/sprite.svg HTTP/1.1" 200 -
[10/Sep/2026 14:58:04] "GET /icons/sprite.svg HTTP/1.1" 200 -
[10/Sep/2026 14:58:21] "GET /icons/sprite.svg HTTP/1.1" 200 -
[13/Sep/2026 11:08:31] "GET /icons/sprite.svg HTTP/1.1" 200 -
[13/Sep/2026 11:08:38] "GET /icons/sprite.svg HTTP/1.1" 200 -
[13/Sep/2026 11:12:45] "GET /icons/sprite.svg HTTP/1.1" 200 -
[13/Sep/2026 11:12:49] "GET /icons/sprite.svg HTTP/1.1" 200 -
[13/Sep/2026 11:33:31] "GET / HTTP/1.1" 200 -
[13/Sep/2026 11:33:31] "GET /logo.svg HTTP/1.1" 200 -
[13/Sep/2026 11:33:31] "GET /emblem.svg HTTP/1.1" 200 -[13/Sep/2026 11:33:31] "GET /networking.css HTTP/1.1" 200 -

[13/Sep/2026 11:33:31] "GET /icons/sprite.svg HTTP/1.1" 200 -
[13/Sep/2026 11:33:31] "GET /networking.js HTTP/1.1" 200 -
[13/Sep/2026 11:33:31] "GET /icons/sprite.svg HTTP/1.1" 200 -
[13/Sep/2026 11:33:31] "GET /api/store HTTP/1.1" 200 -
[13/Sep/2026 11:33:31] "GET /icons/sprite.svg HTTP/1.1" 200 -
[13/Sep/2026 11:33:45] "GET /icons/sprite.svg HTTP/1.1" 200 -
[13/Sep/2026 11:34:30] "GET / HTTP/1.1" 200 -
[13/Sep/2026 11:34:30] "GET /emblem.svg HTTP/1.1" 200 -[13/Sep/2026 11:34:30] "GET /networking.css HTTP/1.1" 200 -

[13/Sep/2026 11:34:30] "GET /logo.svg HTTP/1.1" 200 -
[13/Sep/2026 11:34:30] "GET /networking.js HTTP/1.1" 200 -
[13/Sep/2026 11:34:30] "GET /icons/sprite.svg HTTP/1.1" 200 -
[13/Sep/2026 11:34:30] "GET /icons/sprite.svg HTTP/1.1" 200 -
[13/Sep/2026 11:34:30] "GET /api/store HTTP/1.1" 200 -
[13/Sep/2026 11:34:30] "GET /icons/sprite.svg HTTP/1.1" 200 -
[13/Sep/2026 11:34:30] "GET /icons/sprite.svg HTTP/1.1" 200 -
[13/Sep/2026 11:34:39] "GET /icons/sprite.svg HTTP/1.1" 200 -
[13/Sep/2026 11:34:45] "GET /icons/sprite.svg HTTP/1.1" 200 -
[13/Sep/2026 11:34:47] "GET /icons/sprite.svg HTTP/1.1" 200 -
[13/Sep/2026 11:34:49] "GET /icons/sprite.svg HTTP/1.1" 200 -
[13/Sep/2026 11:35:09] "GET /icons/sprite.svg HTTP/1.1" 200 -
[13/Sep/2026 11:35:09] "POST /api/store HTTP/1.1" 200 -
[13/Sep/2026 11:35:12] "GET /icons/sprite.svg HTTP/1.1" 200 -
[13/Sep/2026 11:35:32] "GET /icons/sprite.svg HTTP/1.1" 200 -
[13/Sep/2026 11:35:33] "GET /icons/sprite.svg HTTP/1.1" 200 -
[13/Sep/2026 11:35:33] "GET /icons/sprite.svg HTTP/1.1" 200 -
[13/Sep/2026 11:35:58] "GET /icons/sprite.svg HTTP/1.1" 200 -
[13/Sep/2026 11:35:58] "POST /api/store HTTP/1.1" 200 -
[13/Sep/2026 11:36:01] "GET /icons/sprite.svg HTTP/1.1" 200 -
[13/Sep/2026 11:36:03] "GET /icons/sprite.svg HTTP/1.1" 200 -
[13/Sep/2026 11:36:05] "GET /icons/sprite.svg HTTP/1.1" 200 -
[13/Sep/2026 11:36:08] "GET /icons/sprite.svg HTTP/1.1" 200 -
[13/Sep/2026 11:36:27] "GET /icons/sprite.svg HTTP/1.1" 200 -
[13/Sep/2026 11:36:32] "GET /icons/sprite.svg HTTP/1.1" 200 -
[13/Sep/2026 11:36:32] "GET /icons/sprite.svg HTTP/1.1" 200 -
[13/Sep/2026 11:36:34] "GET /icons/sprite.svg HTTP/1.1" 200 -
[13/Sep/2026 11:37:45] "GET /icons/sprite.svg HTTP/1.1" 200 -
[13/Sep/2026 11:37:47] "GET /icons/sprite.svg HTTP/1.1" 200 -
[13/Sep/2026 11:37:51] "GET /icons/sprite.svg HTTP/1.1" 200 -
[13/Sep/2026 11:37:54] "GET /icons/sprite.svg HTTP/1.1" 200 -
[13/Sep/2026 11:38:00] "GET /icons/sprite.svg HTTP/1.1" 200 -
[13/Sep/2026 11:38:05] "GET /icons/sprite.svg HTTP/1.1" 200 -
[13/Sep/2026 11:38:05] "POST /api/store HTTP/1.1" 200 -
[13/Sep/2026 11:38:50] "GET /icons/sprite.svg HTTP/1.1" 200 -
[13/Sep/2026 11:38:57] "GET /icons/sprite.svg HTTP/1.1" 200 -
[13/Sep/2026 11:39:11] "GET /icons/sprite.svg HTTP/1.1" 200 -
[13/Sep/2026 11:39:13] "GET /icons/sprite.svg HTTP/1.1" 200 -
[13/Sep/2026 11:39:23] "GET /icons/sprite.svg HTTP/1.1" 200 -
[13/Sep/2026 11:40:00] "GET /icons/sprite.svg HTTP/1.1" 200 -
[13/Sep/2026 11:40:10] "GET /icons/sprite.svg HTTP/1.1" 200 -
[13/Sep/2026 11:40:15] "GET /icons/sprite.svg HTTP/1.1" 200 -
[13/Sep/2026 11:40:17] "GET /icons/sprite.svg HTTP/1.1" 200 -
[13/Sep/2026 11:40:18] "GET /icons/sprite.svg HTTP/1.1" 200 -
[13/Sep/2026 11:40:25] "POST /api/store HTTP/1.1" 200 -
[13/Sep/2026 11:40:27] "POST /api/store HTTP/1.1" 200 -
[13/Sep/2026 11:40:28] "POST /api/store HTTP/1.1" 200 -
[13/Sep/2026 11:40:29] "POST /api/store HTTP/1.1" 200 -
[13/Sep/2026 11:40:30] "POST /api/store HTTP/1.1" 200 -
[13/Sep/2026 11:40:31] "POST /api/store HTTP/1.1" 200 -
[13/Sep/2026 11:40:34] "GET /icons/sprite.svg HTTP/1.1" 200 -
[13/Sep/2026 11:40:40] "GET /icons/sprite.svg HTTP/1.1" 200 -
[13/Sep/2026 11:40:42] "GET /icons/sprite.svg HTTP/1.1" 200 -
[13/Sep/2026 11:40:44] "GET /icons/sprite.svg HTTP/1.1" 200 -
[13/Sep/2026 11:40:48] "GET /icons/sprite.svg HTTP/1.1" 200 -
[13/Sep/2026 11:40:49] "GET /icons/sprite.svg HTTP/1.1" 200 -
[13/Sep/2026 11:40:50] "GET /icons/sprite.svg HTTP/1.1" 200 -
[13/Sep/2026 11:40:52] "GET /icons/sprite.svg HTTP/1.1" 200 -
[13/Sep/2026 11:40:52] "GET /icons/sprite.svg HTTP/1.1" 200 -
[13/Sep/2026 11:40:53] "GET /icons/sprite.svg HTTP/1.1" 200 -
[13/Sep/2026 11:41:19] "GET /icons/sprite.svg HTTP/1.1" 200 -
[13/Sep/2026 11:41:48] "GET /icons/sprite.svg HTTP/1.1" 200 -
[13/Sep/2026 11:42:03] "GET /icons/sprite.svg HTTP/1.1" 200 -
[13/Sep/2026 11:42:05] "GET /icons/sprite.svg HTTP/1.1" 200 -
[13/Sep/2026 11:42:09] "GET /icons/sprite.svg HTTP/1.1" 200 -
[13/Sep/2026 13:59:33] "GET / HTTP/1.1" 200 -
[13/Sep/2026 13:59:33] "GET /networking.css HTTP/1.1" 200 -
[13/Sep/2026 13:59:33] "GET /emblem.svg HTTP/1.1" 200 -
[13/Sep/2026 13:59:33] "GET /logo.svg HTTP/1.1" 200 -
[13/Sep/2026 13:59:33] "GET /icons/sprite.svg HTTP/1.1" 200 -
[13/Sep/2026 13:59:33] "GET /icons/sprite.svg HTTP/1.1" 200 -
[13/Sep/2026 13:59:33] "GET /networking.js HTTP/1.1" 200 -
[13/Sep/2026 13:59:33] "GET /icons/sprite.svg HTTP/1.1" 200 -
[13/Sep/2026 13:59:34] "GET /api/store HTTP/1.1" 200 -
[13/Sep/2026 13:59:34] "GET /icons/sprite.svg HTTP/1.1" 200 -
[13/Sep/2026 13:59:58] "GET /icons/sprite.svg HTTP/1.1" 200 -
[13/Sep/2026 14:00:01] "GET /icons/sprite.svg HTTP/1.1" 200 -
[13/Sep/2026 14:00:03] "GET /icons/sprite.svg HTTP/1.1" 200 -
[13/Sep/2026 14:00:04] "GET /icons/sprite.svg HTTP/1.1" 200 -
[13/Sep/2026 14:00:04] "GET /icons/sprite.svg HTTP/1.1" 200 -
[15/Sep/2026 11:41:33] "GET / HTTP/1.1" 200 -
[15/Sep/2026 11:41:33] "GET /networking.css HTTP/1.1" 200 -
[15/Sep/2026 11:41:33] "GET /emblem.svg HTTP/1.1" 200 -
[15/Sep/2026 11:41:33] "GET /logo.svg HTTP/1.1" 200 -
[15/Sep/2026 11:41:33] "GET /icons/sprite.svg HTTP/1.1" 200 -
[15/Sep/2026 11:41:33] "GET /networking.js HTTP/1.1" 200 -
[15/Sep/2026 11:41:33] "GET /icons/sprite.svg HTTP/1.1" 200 -
[15/Sep/2026 11:41:34] "GET /icons/sprite.svg HTTP/1.1" 200 -
[15/Sep/2026 11:41:34] "GET /icons/sprite.svg HTTP/1.1" 200 -
[15/Sep/2026 11:41:34] "GET /api/store HTTP/1.1" 200 -
[15/Sep/2026 11:41:34] "GET /icons/sprite.svg HTTP/1.1" 200 -
[16/Sep/2026 13:28:55] "GET / HTTP/1.1" 200 -
[16/Sep/2026 13:28:55] "GET /networking.css HTTP/1.1" 200 -
[16/Sep/2026 13:28:55] "GET /emblem.svg HTTP/1.1" 200 -
[16/Sep/2026 13:28:55] "GET /logo.svg HTTP/1.1" 200 -
[16/Sep/2026 13:28:55] "GET /icons/sprite.svg HTTP/1.1" 200 -
[16/Sep/2026 13:28:55] "GET /networking.js HTTP/1.1" 200 -
[16/Sep/2026 13:28:55] "GET /api/store HTTP/1.1" 200 -
[16/Sep/2026 13:28:56] "GET /icons/sprite.svg HTTP/1.1" 200 -
